
Running 79 tests using 1 worker

[1/79] tests\e2e\proto-map.spec.mjs:51:3 › 셸 · 뼈대 › 로그인 전이면 관문이 login.html?next=ximap.html 로 보낸다
[2/79] tests\e2e\proto-map.spec.mjs:57:3 › 셸 · 뼈대 › 네 페이지 모두 같은 셸 — 레일 9 · 지도 서비스 활성 · 푸터 정본
[3/79] tests\e2e\proto-map.spec.mjs:69:3 › 셸 · 뼈대 › 보기 방식 탭 3 — 기본 · 겹쳐보기 · 나란히보기(진짜 링크)
[4/79] tests\e2e\proto-map.spec.mjs:76:3 › 셸 · 뼈대 › 작업공간은 레일 오른쪽 끝 ~ 화면 오른쪽 끝을 꽉 채운다
[5/79] tests\e2e\proto-map.spec.mjs:86:3 › 진짜 지도 › MapLibre 가 실제로 서고 배경은 V-World(폴백 포함) 래스터다
[6/79] tests\e2e\proto-map.spec.mjs:100:3 › 진짜 지도 › 결과 레이어를 켜면 실 GeoJSON 2,098 도형이 올라간다(손 배치 0)
[7/79] tests\e2e\proto-map.spec.mjs:109:3 › 진짜 지도 › 탐지 도형은 청록 고정 — 원본에 탐지 색 속성이 없다(admin-map 과 같은 규칙)
[8/79] tests\e2e\proto-map.spec.mjs:116:3 › 진짜 지도 › 창 안 집계 · 스케일 띠 · 좌표는 실계산이다
[9/79] tests\e2e\proto-map.spec.mjs:128:3 › 지도 속성(lx-map-props) › 배경지도 · 탐지 외곽선 두께 · 검색 결과 선/면이 저장값을 따른다
[10/79] tests\e2e\proto-map.spec.mjs:157:3 › 지도 속성(lx-map-props) › 저장값이 없으면 기본값(위성)으로 선다
[11/79] tests\e2e\proto-map.spec.mjs:166:3 › 왼쪽 패널 › AI 분석 결과 = 카드 순서로 편 결과 5 · 레이어 트리 12 리프
[12/79] tests\e2e\proto-map.spec.mjs:190:3 › 왼쪽 패널 › 체크하면 URL 에 남고 범례 · 투명도 · 하위 체크 3이 붙는다
[13/79] tests\e2e\proto-map.spec.mjs:201:3 › 왼쪽 패널 › 범례를 누르면 그 클래스가 판에서 숨는다
[14/79] tests\e2e\proto-map.spec.mjs:210:3 › 왼쪽 패널 › 레이어 탭 = 2단 트리 · 발행 레이어 12 · 공유 아이콘
[15/79] tests\e2e\proto-map.spec.mjs:225:3 › 왼쪽 패널 › 시점 스트립 = imagery.js 4시점 · 누르면 실 정사영상 타일이 켜진다
[16/79] tests\e2e\proto-map.spec.mjs:236:3 › 왼쪽 패널 › 패널 접기/펼치기 — 36px 세로 띠
[17/79] tests\e2e\proto-map.spec.mjs:247:3 › 도구 열 › 원본 7도구 — 검색 · 배경지도 · 측정 · 그리기 · 내보내기 · 관심 구역 · LX
[18/79] tests\e2e\proto-map.spec.mjs:254:3 › 도구 열 › 배경지도 서브메뉴 5 — 고르면 판이 바뀌고 URL 에 남는다
[19/79] tests\e2e\proto-map.spec.mjs:265:3 › 도구 열 › 측정 — 서브메뉴 3 + 안내 문구 원문 · 클릭 두 번이면 실거리가 나온다
[20/79] tests\e2e\proto-map.spec.mjs:279:3 › 도구 열 › 그리기 — 서브메뉴 5(점 · 선 · 원 · 면)
[21/79] tests\e2e\proto-map.spec.mjs:287:3 › 도구 열 › 관심 구역 — 도구 막대 원문 4버튼 · 저장이 면적을 말한다
[22/79] tests\e2e\proto-map.spec.mjs:299:3 › 도구 열 › LX 레이어 팝오버 — 읍면동 경계 · 지명/도로 · 분석 영역
[23/79] tests\e2e\proto-map.spec.mjs:306:3 › 도구 열 › Esc 는 도구 · 서브메뉴 · 검색을 차례로 닫는다
[24/79] tests\e2e\proto-map.spec.mjs:317:3 › 검색 › 탭 4 · 그룹 3(명칭 · 도로명 · 지번) · 총 건수 = 시연 꼬리표
[25/79] tests\e2e\proto-map.spec.mjs:327:3 › 검색 › 결과를 고르면 지도가 옮겨가고 표식 · 콜아웃이 붙는다
[26/79] tests\e2e\proto-map.spec.mjs:336:3 › 검색 › 검색 0 — 원본 문구
[27/79] tests\e2e\proto-map.spec.mjs:342:3 › 검색 › 명칭 탭으로 좁히면 그 그룹만 남는다
[28/79] tests\e2e\proto-map.spec.mjs:353:3 › 탐지 정보 › 표 행을 고르면 탐지 정보 판이 열리고 콜아웃이 붙는다
[29/79] tests\e2e\proto-map.spec.mjs:363:3 › 탐지 정보 › 탐지 정보 판 = 키–값 8 · 조치 상태 3단계 · 개요 클래스별 면적
[30/79] tests\e2e\proto-map.spec.mjs:373:3 › 탐지 정보 › 조치 상태를 바꾸면 표와 판이 같이 바뀐다(세션 저장)
[31/79] tests\e2e\proto-map.spec.mjs:386:3 › 탐지 정보 › 통계 · 보고서로 잇는 버튼이 실제로 이동한다
[32/79] tests\e2e\proto-map.spec.mjs:397:3 › 속성 표 › 탭 3 + 정보 탭 2 · 열 10(PNU 파생)
[33/79] tests\e2e\proto-map.spec.mjs:406:3 › 속성 표 › 표 행 번호 = 판 위 번호
[34/79] tests\e2e\proto-map.spec.mjs:414:3 › 속성 표 › 필터로 거르면 페이저 건수가 따라간다
[35/79] tests\e2e\proto-map.spec.mjs:423:3 › 속성 표 › 지역 구분 = 읍면동 32 · 합계 3,158,684 ㎡ · 판은 5분위 채움
[36/79] tests\e2e\proto-map.spec.mjs:435:3 › 속성 표 › 공간 정보 탭 = 좌표계 · 범위 · 도형 수(실측)
[37/79] tests\e2e\proto-map.spec.mjs:442:3 › 속성 표 › 기본은 접힘 — 원판 B5-Map 처럼 판이 아래까지 간다
[38/79] tests\e2e\proto-map.spec.mjs:450:3 › 속성 표 › 하단 표 접기 → 띠 한 줄
[39/79] tests\e2e\proto-map.spec.mjs:462:3 › 빈 상태 › 레이어 0 — 범례 없음 + 원본 문구 · 내보내기 CTA 없음 · 하단 표 없음
[40/79] tests\e2e\proto-map.spec.mjs:471:3 › 빈 상태 › 불러오는 중 — 결과가 오기 전엔 로딩 상자가 뜬다
[41/79] tests\e2e\proto-map.spec.mjs:484:3 › 비교 보기 › 겹쳐보기 — 지도 2 · 스와이프 손잡이 · 비교 결과 156건 5.4 ha
[42/79] tests\e2e\proto-map.spec.mjs:496:3 › 비교 보기 › 스와이프 손잡이는 키보드로도 움직인다
[43/79] tests\e2e\proto-map.spec.mjs:505:3 › 비교 보기 › 나란히보기 — 독립 지도 2 · 도구 열 2벌 · 하단 분할 띠 2
[44/79] tests\e2e\proto-map.spec.mjs:517:3 › 비교 보기 › 비교할 분석 선택 = 시점 4 + 결과 레이어 · 취소/적용
[45/79] tests\e2e\proto-map.spec.mjs:532:3 › 보안 서약서 · 다운로드 › 내보내기 = 서약서 · 원문 · 내보낼 대상 띠 · 검증 3
[46/79] tests\e2e\proto-map.spec.mjs:546:3 › 보안 서약서 · 다운로드 › 다 채우면 생성 중 → 파일이 실제로 내려가고 토스트는 사실만
[47/79] tests\e2e\proto-map.spec.mjs:563:3 › 보안 서약서 · 다운로드 › 활용 기간 기본값 = 기준일부터 1개월 · 신청자 = 역할명
[48/79] tests\e2e\proto-map.spec.mjs:579:3 › 통계 › 우 서랍은 760~920 · 큰 수 3은 실 GeoJSON 집계다
[49/79] tests\e2e\proto-map.spec.mjs:597:3 › 통계 › 읍면동 막대 32 + 표 · 행에 올리면 그 읍면동이 지도에서 켜진다
[50/79] tests\e2e\proto-map.spec.mjs:608:3 › 통계 › 클래스별 통계 탭 — 실측 면적 · 비율 · 실사 크롭 2
[51/79] tests\e2e\proto-map.spec.mjs:618:3 › 통계 › 기준 3 + 분석 결과 찾기 모달(표 7열 · 시연)
[52/79] tests\e2e\proto-map.spec.mjs:641:3 › 통계 › 엑셀 다운로드도 같은 보안 서약서를 거친다
[53/79] tests\e2e\proto-map.spec.mjs:649:3 › 통계 › 빈 상태 — AI 분석이 완료된 후 이용할 수 있어요 + 점선 고스트
[54/79] tests\e2e\proto-map.spec.mjs:659:3 › 보고서 › 발급 요청 폼 — 제목 · 클래스 · 대상 지역 + 미리보기 실측
[55/79] tests\e2e\proto-map.spec.mjs:672:3 › 보고서 › 체크한 읍면동이 지도에 켜진다
[56/79] tests\e2e\proto-map.spec.mjs:681:3 › 보고서 › 인라인 검증 3 — 비우고 발급 요청
[57/79] tests\e2e\proto-map.spec.mjs:696:3 › 보고서 › 발급하면 내역 탭으로 넘어가고 접수 건이 맨 위에 쌓인다
[58/79] tests\e2e\proto-map.spec.mjs:707:3 › 보고서 › 발급 내역 — 상태 3종 · 행에 올리면 대상 지역이 켜진다
[59/79] tests\e2e\proto-map.spec.mjs:717:3 › 보고서 › 발급 내역 빈 상태 — 검색 결과가 없어요.
[60/79] tests\e2e\proto-map.spec.mjs:725:3 › 보고서 › 엑셀 다운로드 = 보안 서약서(처음 열림)
[61/79] tests\e2e\proto-map.spec.mjs:736:3 › 화면 간 연결 › ?result= 로 들어오면 그 결과 레이어를 켠 채로 연다
[62/79] tests\e2e\proto-map.spec.mjs:743:3 › 화면 간 연결 › ?card= 로 들어오면 그 카드의 레이어가 전부 켜진다
[63/79] tests\e2e\proto-map.spec.mjs:750:3 › 화면 간 연결 › 글로벌 카드면 행정단위 · 좌표계 표기가 SCOPES 를 따른다(구조는 같다)
[64/79] tests\e2e\proto-map.spec.mjs:758:3 › 화면 간 연결 › 뒤로 가기가 상태를 되돌린다
[65/79] tests\e2e\proto-map.spec.mjs:787:3 › 법전 · 접근성 › 라운드 0 · 그림자 0 · 그라디언트 0 · 14px 바닥 · 채운 파란 버튼 0 — 지도
[66/79] tests\e2e\proto-map.spec.mjs:793:3 › 법전 · 접근성 › 같은 검사 — 통계 서랍 · 보고서 서랍 · 서약서 모달
[67/79] tests\e2e\proto-map.spec.mjs:804:3 › 법전 · 접근성 › 빨강은 조치 필요 · 필수 표시 글자에만(채움 · 테두리 0)
[68/79] tests\e2e\proto-map.spec.mjs:819:3 › 법전 · 접근성 › 키보드로 표를 완주하고 판이 따라온다
[69/79] tests\e2e\proto-map.spec.mjs:829:3 › 법전 · 접근성 › 모달은 포커스를 가두고 Esc 로 닫힌다
[70/79] tests\e2e\proto-map.spec.mjs:839:3 › 법전 · 접근성 › 지도 캔버스에 aria 이름이 있고 키보드로 잡힌다
[71/79] tests\e2e\proto-map.spec.mjs:846:3 › 법전 · 접근성 › 1280 · 1920 에서 가로 스크롤 0 · 판이 살아 있다
[72/79] tests\e2e\proto-map.spec.mjs:864:3 › E0-5 붕괴 처방 · 내려받기 · 정직화 › 1440×900 결과 켜기 → 표 펼치기 → 행 클릭: 지도 ≥ 콘텐츠 60 % · 탭 글자 세로 쌓임 0(M-01)
[73/79] tests\e2e\proto-map.spec.mjs:910:3 › E0-5 붕괴 처방 · 내려받기 · 정직화 › 판 셋 동시 금지 양방향 — 정보 판 열린 채 `설정 패널 펼치기` · 펴 둔 좌 판 뒤 행 고르기 · 범례×스트립 0 · 1440×900(재게이트 must_fix 1 · 3)
[74/79] tests\e2e\proto-map.spec.mjs:910:3 › E0-5 붕괴 처방 · 내려받기 · 정직화 › 판 셋 동시 금지 양방향 — 정보 판 열린 채 `설정 패널 펼치기` · 펴 둔 좌 판 뒤 행 고르기 · 범례×스트립 0 · 1280×720(재게이트 must_fix 1 · 3)
[75/79] tests\e2e\proto-map.spec.mjs:949:3 › E0-5 붕괴 처방 · 내려받기 · 정직화 › 겹쳐보기 진입: 비교 판 자동 열림 0 · A ≥ 45 % · 비교 도구 14 전부 동작 · 비교 띠 상수 0(M-05 · M-07 · M-09)
[76/79] tests\e2e\proto-map.spec.mjs:1012:3 › E0-5 붕괴 처방 · 내려받기 · 정직화 › 1280×720 겹쳐보기 좌 판 펼침 — 좌 판 · 비교 띠 가로 스크롤바 0 · 칸 경계선 잔상 0(재게이트 must_fix 2)
[77/79] tests\e2e\proto-map.spec.mjs:1027:3 › E0-5 붕괴 처방 · 내려받기 · 정직화 › 내려받기 3곳 — 내보내기 GeoJSON · 통계 CSV(BOM) · 보고서 CSV(BOM) 각 1건(M-03)
tests\e2e\proto-map.spec.mjs:1027:3 › E0-5 붕괴 처방 · 내려받기 · 정직화 › 내려받기 3곳 — 내보내기 GeoJSON · 통계 CSV(BOM) · 보고서 CSV(BOM) 각 1건(M-03)
E0-5 downloads [{"name":"남원시 농지이용 현황 · 2026.06.08.geojson","bytes":1293982,"bom":false},{"name":"농지 활용 통계 · 2026.06.08.csv","bytes":1338,"bom":true},{"name":"2026년 4월 농지 활용 현황 보고서.csv","bytes":1360,"bom":true}]

[78/79] tests\e2e\proto-map.spec.mjs:1069:3 › E0-5 붕괴 처방 · 내려받기 · 정직화 › ximap.html?result=<id> → 자동 체크 · ?on= 정규화 · 개관에서 그 결과로 날아간다(C-23 · D-5)
[79/79] tests\e2e\proto-map.spec.mjs:1082:3 › E0-5 붕괴 처방 · 내려받기 · 정직화 › 통계 정직화 — 시연 기준 disabled 2 · `다시 계산` 0 · 발급 폼 오류 해제 · 요청자 = 역할명(M-04 · M-08)
  79 passed (1.4m)
