{
 "1440 a0 info-open": {
  "left": "off",
  "side": "info",
  "urlLeft": "off",
  "fold": "0",
  "mwlW": 36,
  "plates": "922x677",
  "narrow": true,
  "legendVis": true,
  "stripVis": true,
  "scaleVis": true,
  "legendBottom": "174px",
  "stripBottom": "48px",
  "xLS": 0,
  "xLTop70": 0,
  "xLExport": 0,
  "xSC": 0,
  "xLC": 0,
  "canvasRatio": 0.674
 },
 "1440 a @30": {
  "left": "on",
  "side": "",
  "urlLeft": null,
  "fold": null,
  "mwlW": 623,
  "plates": "744x677",
  "narrow": false,
  "legendVis": true,
  "stripVis": true,
  "scaleVis": true,
  "legendBottom": "48px",
  "stripBottom": "14px",
  "xLS": 8465,
  "xLTop70": 0,
  "xLExport": 0,
  "xSC": 5837,
  "xLC": 0,
  "canvasRatio": 0.544
 },
 "1440 a @120": {
  "left": "on",
  "side": "",
  "urlLeft": null,
  "fold": null,
  "mwlW": 690,
  "plates": "677x677",
  "narrow": false,
  "legendVis": true,
  "stripVis": true,
  "scaleVis": true,
  "legendBottom": "48px",
  "stripBottom": "14px",
  "xLS": 14589,
  "xLTop70": 0,
  "xLExport": 0,
  "xSC": 7738,
  "xLC": 0,
  "canvasRatio": 0.495
 },
 "1440 a @720": {
  "left": "on",
  "side": "",
  "urlLeft": null,
  "fold": null,
  "mwlW": 690,
  "plates": "677x677",
  "narrow": true,
  "legendVis": true,
  "stripVis": true,
  "scaleVis": true,
  "legendBottom": "174px",
  "stripBottom": "48px",
  "xLS": 0,
  "xLTop70": 0,
  "xLExport": 0,
  "xSC": 0,
  "xLC": 0,
  "canvasRatio": 0.495
 },
 "1440 b side-x @700": {
  "left": "on",
  "side": "",
  "urlLeft": null,
  "fold": "0",
  "mwlW": 690,
  "plates": "677x369",
  "narrow": true,
  "legendVis": true,
  "stripVis": true,
  "scaleVis": true,
  "legendBottom": "174px",
  "stripBottom": "48px",
  "xLS": 0,
  "xLTop70": 0,
  "xLExport": 0,
  "xSC": 0,
  "xLC": 0,
  "canvasRatio": 0.495
 },
 "1440 b2 reload": {
  "left": "on",
  "side": "",
  "urlLeft": null,
  "fold": "0",
  "mwlW": 690,
  "plates": "677x369",
  "narrow": true,
  "legendVis": true,
  "stripVis": true,
  "scaleVis": true,
  "legendBottom": "174px",
  "stripBottom": "48px",
  "xLS": 0,
  "xLTop70": 0,
  "xLExport": 0,
  "xSC": 0,
  "xLC": 0,
  "canvasRatio": 0.495
 },
 "1440 c fold": {
  "left": "on",
  "side": "",
  "urlLeft": null,
  "fold": null,
  "mwlW": 690,
  "plates": "677x677",
  "narrow": true,
  "legendVis": true,
  "stripVis": true,
  "scaleVis": true,
  "legendBottom": "174px",
  "stripBottom": "48px",
  "xLS": 0,
  "xLTop70": 0,
  "xLExport": 0,
  "xSC": 0,
  "xLC": 0,
  "canvasRatio": 0.495
 },
 "1440 c2 unfold": {
  "left": "on",
  "side": "",
  "urlLeft": null,
  "fold": "0",
  "mwlW": 690,
  "plates": "677x369",
  "narrow": true,
  "legendVis": true,
  "stripVis": true,
  "scaleVis": true,
  "legendBottom": "174px",
  "stripBottom": "48px",
  "xLS": 0,
  "xLTop70": 0,
  "xLExport": 0,
  "xSC": 0,
  "xLC": 0,
  "canvasRatio": 0.495
 },
 "1440 f0 stats-drawer": {
  "left": "off",
  "side": "drawer",
  "urlLeft": null,
  "fold": "1",
  "mwlW": 36,
  "plates": "470x721",
  "narrow": true,
  "legendVis": true,
  "stripVis": false,
  "scaleVis": true,
  "legendBottom": "48px",
  "stripBottom": null,
  "xLS": 0,
  "xLTop70": 0,
  "xLExport": 0,
  "xSC": 0,
  "xLC": 0,
  "canvasRatio": 0.344
 },
 "1440 f l-open": {
  "left": "on",
  "side": "",
  "urlLeft": null,
  "fold": null,
  "mwlW": 690,
  "plates": "677x677",
  "narrow": true,
  "legendVis": true,
  "stripVis": true,
  "scaleVis": true,
  "legendBottom": "174px",
  "stripBottom": "48px",
  "xLS": 0,
  "xLTop70": 0,
  "xLExport": 0,
  "xSC": 0,
  "xLC": 0,
  "canvasRatio": 0.495
 },
 "1440 d0 overlay": {
  "left": "off",
  "side": "",
  "mwlW": 36,
  "aRatio": 0.973,
  "legendCount": 1,
  "urlLeft": null
 },
 "1440 d cmp-open": {
  "left": "off",
  "side": "info",
  "mwlW": 36,
  "aRatio": 0.674,
  "legendCount": 1,
  "urlLeft": null
 },
 "1440 e l-open": {
  "left": "on",
  "side": "",
  "mwlW": 690,
  "aRatio": 0.495,
  "legendCount": 1,
  "urlLeft": null
 },
 "1440 e2 cmp side-x": {
  "left": "off",
  "side": "",
  "mwlW": 36,
  "aRatio": 0.973,
  "legendCount": 1,
  "urlLeft": "off"
 },
 "1440 errs": [],
 "1280 a0 info-open": {
  "left": "off",
  "side": "info",
  "urlLeft": "off",
  "fold": "0",
  "mwlW": 36,
  "plates": "762x475",
  "narrow": true,
  "legendVis": true,
  "stripVis": true,
  "scaleVis": true,
  "legendBottom": "174px",
  "stripBottom": "48px",
  "xLS": 0,
  "xLTop70": 0,
  "xLExport": 0,
  "xSC": 0,
  "xLC": 0,
  "canvasRatio": 0.631
 },
 "1280 a @30": {
  "left": "on",
  "side": "",
  "urlLeft": null,
  "fold": null,
  "mwlW": 550,
  "plates": "657x505",
  "narrow": false,
  "legendVis": true,
  "stripVis": true,
  "scaleVis": true,
  "legendBottom": "48px",
  "stripBottom": "14px",
  "xLS": 16386,
  "xLTop70": 0,
  "xLExport": 0,
  "xSC": 8261,
  "xLC": 0,
  "canvasRatio": 0.544
 },
 "1280 a @120": {
  "left": "on",
  "side": "",
  "urlLeft": null,
  "fold": null,
  "mwlW": 608,
  "plates": "599x505",
  "narrow": false,
  "legendVis": true,
  "stripVis": true,
  "scaleVis": true,
  "legendBottom": "48px",
  "stripBottom": "14px",
  "xLS": 21748,
  "xLTop70": 0,
  "xLExport": 0,
  "xSC": 9926,
  "xLC": 0,
  "canvasRatio": 0.496
 },
 "1280 a @720": {
  "left": "on",
  "side": "",
  "urlLeft": null,
  "fold": null,
  "mwlW": 608,
  "plates": "599x505",
  "narrow": true,
  "legendVis": true,
  "stripVis": true,
  "scaleVis": true,
  "legendBottom": "174px",
  "stripBottom": "48px",
  "xLS": 0,
  "xLTop70": 0,
  "xLExport": 0,
  "xSC": 0,
  "xLC": 0,
  "canvasRatio": 0.496
 },
 "1280 b side-x @700": {
  "left": "on",
  "side": "",
  "urlLeft": null,
  "fold": "0",
  "mwlW": 608,
  "plates": "599x197",
  "narrow": true,
  "legendVis": false,
  "stripVis": false,
  "scaleVis": true,
  "legendBottom": "48px",
  "stripBottom": "14px",
  "xLS": 0,
  "xLTop70": 0,
  "xLExport": 0,
  "xSC": 0,
  "xLC": 0,
  "canvasRatio": 0.496
 },
 "1280 b2 reload": {
  "left": "on",
  "side": "",
  "urlLeft": null,
  "fold": "0",
  "mwlW": 608,
  "plates": "599x197",
  "narrow": true,
  "legendVis": false,
  "stripVis": false,
  "scaleVis": true,
  "legendBottom": "48px",
  "stripBottom": "14px",
  "xLS": 0,
  "xLTop70": 0,
  "xLExport": 0,
  "xSC": 0,
  "xLC": 0,
  "canvasRatio": 0.496
 },
 "1280 c fold": {
  "left": "on",
  "side": "",
  "urlLeft": null,
  "fold": null,
  "mwlW": 608,
  "plates": "599x505",
  "narrow": true,
  "legendVis": true,
  "stripVis": true,
  "scaleVis": true,
  "legendBottom": "174px",
  "stripBottom": "48px",
  "xLS": 0,
  "xLTop70": 0,
  "xLExport": 0,
  "xSC": 0,
  "xLC": 0,
  "canvasRatio": 0.496
 },
 "1280 c2 unfold": {
  "left": "on",
  "side": "",
  "urlLeft": null,
  "fold": "0",
  "mwlW": 608,
  "plates": "599x197",
  "narrow": true,
  "legendVis": false,
  "stripVis": false,
  "scaleVis": true,
  "legendBottom": "48px",
  "stripBottom": "14px",
  "xLS": 0,
  "xLTop70": 0,
  "xLExport": 0,
  "xSC": 0,
  "xLC": 0,
  "canvasRatio": 0.496
 },
 "1280 f0 stats-drawer": {
  "left": "off",
  "side": "drawer",
  "urlLeft": null,
  "fold": "1",
  "mwlW": 36,
  "plates": "412x549",
  "narrow": true,
  "legendVis": true,
  "stripVis": false,
  "scaleVis": true,
  "legendBottom": "48px",
  "stripBottom": null,
  "xLS": 0,
  "xLTop70": 0,
  "xLExport": 0,
  "xSC": 0,
  "xLC": 0,
  "canvasRatio": 0.341
 },
 "1280 f l-open": {
  "left": "on",
  "side": "",
  "urlLeft": null,
  "fold": null,
  "mwlW": 608,
  "plates": "599x505",
  "narrow": true,
  "legendVis": true,
  "stripVis": true,
  "scaleVis": true,
  "legendBottom": "174px",
  "stripBottom": "48px",
  "xLS": 0,
  "xLTop70": 0,
  "xLExport": 0,
  "xSC": 0,
  "xLC": 0,
  "canvasRatio": 0.496
 },
 "1280 d0 overlay": {
  "left": "off",
  "side": "",
  "mwlW": 36,
  "aRatio": 0.969,
  "legendCount": 1,
  "urlLeft": null
 },
 "1280 d cmp-open": {
  "left": "off",
  "side": "info",
  "mwlW": 36,
  "aRatio": 0.631,
  "legendCount": 1,
  "urlLeft": null
 },
 "1280 e l-open": {
  "left": "on",
  "side": "",
  "mwlW": 608,
  "aRatio": 0.496,
  "legendCount": 1,
  "urlLeft": null
 },
 "1280 e2 cmp side-x": {
  "left": "off",
  "side": "",
  "mwlW": 36,
  "aRatio": 0.969,
  "legendCount": 1,
  "urlLeft": "off"
 },
 "1280 errs": []
}
