[serve-ops 21:04:27] LX/OPS http://localhost:8702/landxi/ops/  (root E:\Land-XI 플랫폼\01. 디자인 · data junction)
[serve-ops 21:04:28] [storage] [storage_poller 21:04:28] redis 연결 redis://localhost:6380
[serve-ops 21:04:29] [gpu] [gpu_poller 21:04:29] 시작 node=node-tr3995wx interval=2.0s nvsmi=C:\Windows\System32\DriverStore\FileRepository\nv_dispwi.inf_amd64_0214c710c2d6337b\nvidia-smi.exe pdh=on
[serve-ops 21:04:30] [gpu] [gpu_poller 21:04:30] redis 연결 redis://localhost:6380
[serve-ops 21:04:43] 브리지 상태 초기화(시드)
[serve-ops 21:04:45] 브리지 상태 초기화(시드)
[serve-ops 21:04:48] 브리지 상태 초기화(시드)
[serve-ops 21:04:52] 브리지 상태 초기화(시드)
[serve-ops 21:04:54] 브리지 상태 초기화(시드)
[serve-ops 21:04:54] 브리지 상태 초기화(시드)
[serve-ops 21:04:54] 브리지 상태 초기화(시드)
[serve-ops 21:04:58] 게이트웨이 /events/ops 중계 시작
[serve-ops 21:05:02] 브리지 상태 초기화(시드)
[serve-ops 21:05:04] 전력 규칙: job_MUICEI292521AAB9B0 워커 a6000-0,a6000-1 → a6000-0 로 자름(동시 고부하 ≤ 1)
[serve-ops 21:05:04] 브리지 상태 초기화(시드)
[serve-ops 21:05:10] 브리지 상태 초기화(시드)
[serve-ops 21:05:31] 브리지 상태 초기화(시드)
[serve-ops 21:06:24] 브리지 상태 초기화(시드)
[serve-ops 21:09:40] 브리지 상태 초기화(시드)
[serve-ops 21:09:42] 브리지 상태 초기화(시드)
[serve-ops 21:09:45] 브리지 상태 초기화(시드)
[serve-ops 21:09:49] 브리지 상태 초기화(시드)
[serve-ops 21:09:51] 브리지 상태 초기화(시드)
[serve-ops 21:09:51] 브리지 상태 초기화(시드)
[serve-ops 21:09:51] 브리지 상태 초기화(시드)
[serve-ops 21:09:59] 브리지 상태 초기화(시드)
[serve-ops 21:10:01] 전력 규칙: job_MUICKUN49F8231FC6B 워커 a6000-0,a6000-1 → a6000-0 로 자름(동시 고부하 ≤ 1)
[serve-ops 21:10:01] 브리지 상태 초기화(시드)
[serve-ops 21:10:06] 브리지 상태 초기화(시드)
[serve-ops 21:10:28] 브리지 상태 초기화(시드)
[serve-ops 21:16:52] 브리지 상태 초기화(시드)
[serve-ops 21:20:49] 게이트웨이 /events/ops 중계 시작
[serve-ops 00:45:51] 브리지 상태 초기화(시드)
[serve-ops 00:45:52] 브리지 상태 초기화(시드)
[serve-ops 00:45:55] 브리지 상태 초기화(시드)
[serve-ops 00:45:55] 브리지 상태 초기화(시드)
[serve-ops 00:45:55] 브리지 상태 초기화(시드)
[serve-ops 00:45:56] 브리지 상태 초기화(시드)
[serve-ops 00:45:59] 브리지 상태 초기화(시드)
[serve-ops 00:46:01] 브리지 상태 초기화(시드)
[serve-ops 00:46:03] 브리지 상태 초기화(시드)
[serve-ops 00:46:05] 전력 규칙: job_MUIKAQ016F36D04F21 워커 a6000-0,a6000-1 → a6000-0 로 자름(동시 고부하 ≤ 1)
[serve-ops 00:46:06] 브리지 상태 초기화(시드)
[serve-ops 00:46:12] 브리지 상태 초기화(시드)
[serve-ops 00:46:12] 브리지 상태 초기화(시드)
[serve-ops 00:59:57] 브리지 상태 초기화(시드)
[serve-ops 00:59:57] 브리지 상태 초기화(시드)
[serve-ops 01:00:29] 브리지 상태 초기화(시드)
[serve-ops 01:00:29] 브리지 상태 초기화(시드)
[serve-ops 01:01:01] 브리지 상태 초기화(시드)
[serve-ops 01:01:01] 브리지 상태 초기화(시드)
[serve-ops 01:01:33] 브리지 상태 초기화(시드)
[serve-ops 01:01:33] 브리지 상태 초기화(시드)
[serve-ops 01:04:11] 브리지 상태 초기화(시드)
[serve-ops 01:04:13] 브리지 상태 초기화(시드)
[serve-ops 01:04:16] 브리지 상태 초기화(시드)
[serve-ops 01:04:19] 브리지 상태 초기화(시드)
[serve-ops 01:04:21] 브리지 상태 초기화(시드)
[serve-ops 01:04:21] 브리지 상태 초기화(시드)
[serve-ops 01:04:22] 브리지 상태 초기화(시드)
[serve-ops 01:04:29] 브리지 상태 초기화(시드)
[serve-ops 01:04:32] 전력 규칙: job_MUIKYFOT6A656BC4A3 워커 a6000-0,a6000-1 → a6000-0 로 자름(동시 고부하 ≤ 1)
[serve-ops 01:04:32] 브리지 상태 초기화(시드)
[serve-ops 01:04:37] 브리지 상태 초기화(시드)
[serve-ops 01:04:58] 브리지 상태 초기화(시드)
[serve-ops 01:14:59] 브리지 상태 초기화(시드)
[serve-ops 01:14:59] 브리지 상태 초기화(시드)
[serve-ops 01:15:02] 브리지 상태 초기화(시드)
[serve-ops 01:15:06] 브리지 상태 초기화(시드)
[serve-ops 01:15:08] 브리지 상태 초기화(시드)
[serve-ops 01:15:08] 브리지 상태 초기화(시드)
[serve-ops 01:15:08] 브리지 상태 초기화(시드)
[serve-ops 01:15:16] 브리지 상태 초기화(시드)
[serve-ops 01:15:18] 전력 규칙: job_MUILCACTE31B8D43C0 워커 a6000-0,a6000-1 → a6000-0 로 자름(동시 고부하 ≤ 1)
[serve-ops 01:15:18] 브리지 상태 초기화(시드)
[serve-ops 01:15:23] 브리지 상태 초기화(시드)
[serve-ops 01:15:44] 브리지 상태 초기화(시드)
[serve-ops 01:27:41] 브리지 상태 초기화(시드)
