[leg 3] backup landxi/assets/proto/film/legs/gen/v3-leg-03.mp4 -> landxi/assets/proto/film/legs/gen/v3-leg-03.v4a.mp4
[leg 3] backup landxi/assets/proto/film/legs/src/v3-leg-03.mp4 -> landxi/assets/proto/film/legs/src/v3-leg-03.v4a.mp4

[leg 3] A03 -> A04  attempt 1  balance=8852.5
[leg 3] pending taskId=0c4e5fdd6208d44f3972901b90a88736 (원장 기록)
  v3-leg-03.mp4: generating (0s)
  v3-leg-03.mp4: generating (5s)
  v3-leg-03.mp4: generating (10s)
  v3-leg-03.mp4: generating (16s)
  v3-leg-03.mp4: generating (25s)
  v3-leg-03.mp4: generating (35s)
  v3-leg-03.mp4: generating (47s)
  v3-leg-03.mp4: generating (63s)
  v3-leg-03.mp4: generating (78s)
  v3-leg-03.mp4: generating (93s)
  v3-leg-03.mp4: generating (109s)
  v3-leg-03.mp4: generating (124s)
[leg 3] ok taskId=0c4e5fdd6208d44f3972901b90a88736 charged=50 spent=1450/60
{
  "rev": 4,
  "batch": "3-v5",
  "spent_rev": 50,
  "spent_total": 1450,
  "cap": 60,
  "done": [
    {
      "leg": 3,
      "taskId": "0c4e5fdd6208d44f3972901b90a88736",
      "charged": 50
    }
  ]
}
{"scrub":"landxi/assets/proto/film/legs/src/v3-leg-03.mp4","bytes":7692927,"frames":["shots/kie/v3-leg-03-t0.00.jpg","shots/kie/v3-leg-03-t1.00.jpg","shots/kie/v3-leg-03-t2.00.jpg","shots/kie/v3-leg-03-t3.00.jpg","shots/kie/v3-leg-03-t4.00.jpg","shots/kie/v3-leg-03-t4.85.jpg"],"seam":"landxi/assets/proto/film/legs/gen/v3-leg-03.seam.png"}
